// Jest Snapshot v1, https://goo.gl/fbAQLP

exports[`VersionRouter get("/") Get version - should return version 1`] = `
Object {
  "version": "0.0.0",
}
`;
