// Jest Snapshot v1, https://goo.gl/fbAQLP

exports[`ValidationUtil Object size validation Feeding a valid sized string - should return string 1`] = `"A not so long string"`;
