// Jest Snapshot v1, https://goo.gl/fbAQLP

exports[`Storyshots MainPannel Default 1`] = `
<div
  className="MuiBox-root MuiBox-root-4 makeStyles-root-3"
>
  <div
    className="MuiGrid-root MuiGrid-container"
  >
    <div
      className="MuiGrid-root MuiGrid-item MuiGrid-grid-xs-6"
    >
      <div
        className="MuiBox-root MuiBox-root-6 makeStyles-root-5"
      >
        <p
          className="MuiTypography-root MuiTypography-body1"
        >
          ::
          0
           
          GET
           |
           
          http://localhost/foo/0
        </p>
      </div>
    </div>
    <div
      className="MuiGrid-root MuiGrid-item MuiGrid-grid-xs-6"
    >
      script
    </div>
  </div>
</div>
`;

exports[`Storyshots MainPannel Empty 1`] = `
<div
  className="MuiBox-root MuiBox-root-2 makeStyles-root-1"
/>
`;

exports[`Storyshots MainPannel Rich 1`] = `
<div
  className="MuiBox-root MuiBox-root-8 makeStyles-root-7"
>
  <div
    className="MuiGrid-root MuiGrid-container"
  >
    <div
      className="MuiGrid-root MuiGrid-item MuiGrid-grid-xs-6"
    >
      <div
        className="MuiBox-root MuiBox-root-10 makeStyles-root-9"
      >
        <p
          className="MuiTypography-root MuiTypography-body1"
        >
          ::
          0
           
          GET
           |
           
          http://localhost/foo/0
        </p>
      </div>
    </div>
    <div
      className="MuiGrid-root MuiGrid-item MuiGrid-grid-xs-6"
    >
      script
    </div>
  </div>
  <div
    className="MuiGrid-root MuiGrid-container"
  >
    <div
      className="MuiGrid-root MuiGrid-item MuiGrid-grid-xs-6"
    >
      <div
        className="MuiBox-root MuiBox-root-11 makeStyles-root-9"
      >
        <p
          className="MuiTypography-root MuiTypography-body1"
        >
          ::
          0
           
          GET
           |
           
          http://localhost/foo/1
        </p>
      </div>
    </div>
    <div
      className="MuiGrid-root MuiGrid-item MuiGrid-grid-xs-6"
    >
      script
    </div>
  </div>
  <div
    className="MuiGrid-root MuiGrid-container"
  >
    <div
      className="MuiGrid-root MuiGrid-item MuiGrid-grid-xs-6"
    >
      <div
        className="MuiBox-root MuiBox-root-12 makeStyles-root-9"
      >
        <p
          className="MuiTypography-root MuiTypography-body1"
        >
          ::
          0
           
          GET
           |
           
          http://localhost/foo/2
        </p>
      </div>
    </div>
    <div
      className="MuiGrid-root MuiGrid-item MuiGrid-grid-xs-6"
    >
      script
    </div>
  </div>
  <div
    className="MuiGrid-root MuiGrid-container"
  >
    <div
      className="MuiGrid-root MuiGrid-item MuiGrid-grid-xs-6"
    >
      <div
        className="MuiBox-root MuiBox-root-13 makeStyles-root-9"
      >
        <p
          className="MuiTypography-root MuiTypography-body1"
        >
          ::
          0
           
          GET
           |
           
          http://localhost/foo/3
        </p>
      </div>
    </div>
    <div
      className="MuiGrid-root MuiGrid-item MuiGrid-grid-xs-6"
    >
      script
    </div>
  </div>
  <div
    className="MuiGrid-root MuiGrid-container"
  >
    <div
      className="MuiGrid-root MuiGrid-item MuiGrid-grid-xs-6"
    >
      <div
        className="MuiBox-root MuiBox-root-14 makeStyles-root-9"
      >
        <p
          className="MuiTypography-root MuiTypography-body1"
        >
          ::
          0
           
          GET
           |
           
          http://localhost/foo/4
        </p>
      </div>
    </div>
    <div
      className="MuiGrid-root MuiGrid-item MuiGrid-grid-xs-6"
    >
      script
    </div>
  </div>
  <div
    className="MuiGrid-root MuiGrid-container"
  >
    <div
      className="MuiGrid-root MuiGrid-item MuiGrid-grid-xs-6"
    >
      <div
        className="MuiBox-root MuiBox-root-15 makeStyles-root-9"
      >
        <p
          className="MuiTypography-root MuiTypography-body1"
        >
          ::
          0
           
          GET
           |
           
          http://localhost/foo/5
        </p>
      </div>
    </div>
    <div
      className="MuiGrid-root MuiGrid-item MuiGrid-grid-xs-6"
    >
      script
    </div>
  </div>
  <div
    className="MuiGrid-root MuiGrid-container"
  >
    <div
      className="MuiGrid-root MuiGrid-item MuiGrid-grid-xs-6"
    >
      <div
        className="MuiBox-root MuiBox-root-16 makeStyles-root-9"
      >
        <p
          className="MuiTypography-root MuiTypography-body1"
        >
          ::
          0
           
          GET
           |
           
          http://localhost/foo/6
        </p>
      </div>
    </div>
    <div
      className="MuiGrid-root MuiGrid-item MuiGrid-grid-xs-6"
    >
      script
    </div>
  </div>
  <div
    className="MuiGrid-root MuiGrid-container"
  >
    <div
      className="MuiGrid-root MuiGrid-item MuiGrid-grid-xs-6"
    >
      <div
        className="MuiBox-root MuiBox-root-17 makeStyles-root-9"
      >
        <p
          className="MuiTypography-root MuiTypography-body1"
        >
          ::
          0
           
          GET
           |
           
          http://localhost/foo/7
        </p>
      </div>
    </div>
    <div
      className="MuiGrid-root MuiGrid-item MuiGrid-grid-xs-6"
    >
      script
    </div>
  </div>
  <div
    className="MuiGrid-root MuiGrid-container"
  >
    <div
      className="MuiGrid-root MuiGrid-item MuiGrid-grid-xs-6"
    >
      <div
        className="MuiBox-root MuiBox-root-18 makeStyles-root-9"
      >
        <p
          className="MuiTypography-root MuiTypography-body1"
        >
          ::
          0
           
          GET
           |
           
          http://localhost/foo/8
        </p>
      </div>
    </div>
    <div
      className="MuiGrid-root MuiGrid-item MuiGrid-grid-xs-6"
    >
      script
    </div>
  </div>
  <div
    className="MuiGrid-root MuiGrid-container"
  >
    <div
      className="MuiGrid-root MuiGrid-item MuiGrid-grid-xs-6"
    >
      <div
        className="MuiBox-root MuiBox-root-19 makeStyles-root-9"
      >
        <p
          className="MuiTypography-root MuiTypography-body1"
        >
          ::
          0
           
          GET
           |
           
          http://localhost/foo/9
        </p>
      </div>
    </div>
    <div
      className="MuiGrid-root MuiGrid-item MuiGrid-grid-xs-6"
    >
      script
    </div>
  </div>
</div>
`;
